127.0.0.1 - - [01/Jul/2018:10:34:49 +0800] "GET / HTTP/1.1" 200 11418
127.0.0.1 - - [01/Jul/2018:10:40:41 +0800] "GET / HTTP/1.1" 200 11418
127.0.0.1 - - [01/Jul/2018:10:42:02 +0800] "GET / HTTP/1.1" 200 11418
127.0.0.1 - - [01/Jul/2018:10:43:41 +0800] "GET / HTTP/1.1" 200 11418
127.0.0.1 - - [01/Jul/2018:10:44:08 +0800] "GET / HTTP/1.1" 200 11418
127.0.0.1 - - [01/Jul/2018:10:44:33 +0800] "GET / HTTP/1.1" 200 11418
127.0.0.1 - - [01/Jul/2018:10:46:16 +0800] "GET / HTTP/1.1" 200 11418
127.0.0.1 - - [01/Jul/2018:10:49:59 +0800] "GET / HTTP/1.1" 200 11418
0:0:0:0:0:0:0:1 - - [01/Jul/2018:10:50:22 +0800] "GET / HTTP/1.1" 200 11418
0:0:0:0:0:0:0:1 - - [01/Jul/2018:10:50:34 +0800] "GET /day_29/hello HTTP/1.1" 404 975
127.0.0.1 - - [01/Jul/2018:10:51:04 +0800] "GET / HTTP/1.1" 200 11418
127.0.0.1 - - [01/Jul/2018:10:51:20 +0800] "GET / HTTP/1.1" 200 11418
0:0:0:0:0:0:0:1 - - [01/Jul/2018:10:51:59 +0800] "GET / HTTP/1.1" 200 11418
0:0:0:0:0:0:0:1 - - [01/Jul/2018:10:52:10 +0800] "GET /day_29/hello HTTP/1.1" 404 975
0:0:0:0:0:0:0:1 - - [01/Jul/2018:10:52:22 +0800] "GET /day_29/hello2 HTTP/1.1" 404 977
0:0:0:0:0:0:0:1 - - [01/Jul/2018:10:52:32 +0800] "GET /day_29 HTTP/1.1" 404 963
127.0.0.1 - - [01/Jul/2018:10:54:04 +0800] "GET / HTTP/1.1" 200 11418
127.0.0.1 - - [01/Jul/2018:10:54:26 +0800] "GET / HTTP/1.1" 200 11418
0:0:0:0:0:0:0:1 - - [01/Jul/2018:10:54:38 +0800] "GET /day_29/hello HTTP/1.1" 404 975
127.0.0.1 - - [01/Jul/2018:10:55:41 +0800] "GET / HTTP/1.1" 200 11418
0:0:0:0:0:0:0:1 - - [01/Jul/2018:10:55:53 +0800] "GET / HTTP/1.1" 200 11418
127.0.0.1 - - [01/Jul/2018:10:57:51 +0800] "GET / HTTP/1.1" 200 11418
127.0.0.1 - - [01/Jul/2018:10:58:26 +0800] "GET / HTTP/1.1" 200 11418
0:0:0:0:0:0:0:1 - - [01/Jul/2018:10:58:39 +0800] "GET / HTTP/1.1" 200 11418
0:0:0:0:0:0:0:1 - - [01/Jul/2018:10:58:52 +0800] "GET /day_29/hello HTTP/1.1" 404 975
127.0.0.1 - - [01/Jul/2018:11:10:07 +0800] "GET / HTTP/1.1" 200 11418
0:0:0:0:0:0:0:1 - - [01/Jul/2018:11:10:17 +0800] "GET /day29/hello HTTP/1.1" 200 -
127.0.0.1 - - [01/Jul/2018:11:17:12 +0800] "GET / HTTP/1.1" 200 11418
0:0:0:0:0:0:0:1 - - [01/Jul/2018:11:17:14 +0800] "GET /day29/hello HTTP/1.1" 200 -
0:0:0:0:0:0:0:1 - - [01/Jul/2018:11:17:14 +0800] "GET /favicon.ico HTTP/1.1" 200 21630
0:0:0:0:0:0:0:1 - - [01/Jul/2018:11:17:26 +0800] "GET /day29/hello HTTP/1.1" 200 -
0:0:0:0:0:0:0:1 - - [01/Jul/2018:11:17:26 +0800] "GET /favicon.ico HTTP/1.1" 200 21630
0:0:0:0:0:0:0:1 - - [01/Jul/2018:11:17:26 +0800] "GET /day29/hello HTTP/1.1" 200 -
0:0:0:0:0:0:0:1 - - [01/Jul/2018:11:17:26 +0800] "GET /favicon.ico HTTP/1.1" 200 21630
0:0:0:0:0:0:0:1 - - [01/Jul/2018:11:17:26 +0800] "GET /day29/hello HTTP/1.1" 200 -
0:0:0:0:0:0:0:1 - - [01/Jul/2018:11:17:26 +0800] "GET /favicon.ico HTTP/1.1" 200 21630
0:0:0:0:0:0:0:1 - - [01/Jul/2018:11:17:26 +0800] "GET /day29/hello HTTP/1.1" 200 -
0:0:0:0:0:0:0:1 - - [01/Jul/2018:11:17:26 +0800] "GET /favicon.ico HTTP/1.1" 200 21630
127.0.0.1 - - [01/Jul/2018:11:18:26 +0800] "GET / HTTP/1.1" 200 11418
0:0:0:0:0:0:0:1 - - [01/Jul/2018:11:18:29 +0800] "GET /day29/hello HTTP/1.1" 200 -
0:0:0:0:0:0:0:1 - - [01/Jul/2018:11:18:29 +0800] "GET /favicon.ico HTTP/1.1" 200 21630
127.0.0.1 - - [01/Jul/2018:11:31:34 +0800] "GET / HTTP/1.1" 200 11418
0:0:0:0:0:0:0:1 - - [01/Jul/2018:11:31:36 +0800] "GET /day29/hello HTTP/1.1" 200 -
0:0:0:0:0:0:0:1 - - [01/Jul/2018:11:31:36 +0800] "GET /favicon.ico HTTP/1.1" 200 21630
127.0.0.1 - - [01/Jul/2018:11:45:04 +0800] "GET / HTTP/1.1" 200 11418
127.0.0.1 - - [01/Jul/2018:11:49:44 +0800] "GET / HTTP/1.1" 200 11418
127.0.0.1 - - [01/Jul/2018:15:18:34 +0800] "GET / HTTP/1.1" 200 11418
0:0:0:0:0:0:0:1 - - [01/Jul/2018:15:19:19 +0800] "GET /day29/hello HTTP/1.1" 200 -
0:0:0:0:0:0:0:1 - - [01/Jul/2018:15:19:19 +0800] "GET /favicon.ico HTTP/1.1" 200 21630
127.0.0.1 - - [01/Jul/2018:15:20:41 +0800] "GET / HTTP/1.1" 200 11418
0:0:0:0:0:0:0:1 - - [01/Jul/2018:15:20:42 +0800] "GET /day29/WEB-INF/classes/com/atguigu/javaweb/HelloServlet.java HTTP/1.1" 404 949
127.0.0.1 - - [01/Jul/2018:15:21:36 +0800] "GET / HTTP/1.1" 200 11418
127.0.0.1 - - [01/Jul/2018:15:23:42 +0800] "GET / HTTP/1.1" 200 11418
127.0.0.1 - - [01/Jul/2018:15:24:38 +0800] "GET / HTTP/1.1" 200 11418
127.0.0.1 - - [01/Jul/2018:15:25:16 +0800] "GET / HTTP/1.1" 200 11418
0:0:0:0:0:0:0:1 - - [01/Jul/2018:15:25:24 +0800] "GET /day29/hello HTTP/1.1" 200 -
0:0:0:0:0:0:0:1 - - [01/Jul/2018:15:25:24 +0800] "GET /favicon.ico HTTP/1.1" 200 21630
127.0.0.1 - - [01/Jul/2018:15:26:54 +0800] "GET / HTTP/1.1" 200 11418
127.0.0.1 - - [01/Jul/2018:15:27:03 +0800] "GET / HTTP/1.1" 200 11418
127.0.0.1 - - [01/Jul/2018:15:53:45 +0800] "GET / HTTP/1.1" 200 11418
127.0.0.1 - - [01/Jul/2018:15:56:03 +0800] "GET / HTTP/1.1" 200 11418
127.0.0.1 - - [01/Jul/2018:16:07:24 +0800] "GET / HTTP/1.1" 200 11418
127.0.0.1 - - [01/Jul/2018:16:11:35 +0800] "GET / HTTP/1.1" 200 11418
127.0.0.1 - - [01/Jul/2018:16:22:17 +0800] "GET / HTTP/1.1" 200 11418
127.0.0.1 - - [01/Jul/2018:16:22:56 +0800] "GET / HTTP/1.1" 200 11418
127.0.0.1 - - [01/Jul/2018:16:24:02 +0800] "GET / HTTP/1.1" 200 11418
127.0.0.1 - - [01/Jul/2018:16:24:52 +0800] "GET / HTTP/1.1" 200 11418
127.0.0.1 - - [01/Jul/2018:16:25:51 +0800] "GET / HTTP/1.1" 200 11418
127.0.0.1 - - [01/Jul/2018:16:27:14 +0800] "GET / HTTP/1.1" 200 11418
127.0.0.1 - - [01/Jul/2018:16:32:27 +0800] "GET / HTTP/1.1" 200 11418
127.0.0.1 - - [01/Jul/2018:16:50:35 +0800] "GET / HTTP/1.1" 200 11418
0:0:0:0:0:0:0:1 - - [01/Jul/2018:16:50:58 +0800] "GET /day29/login.html HTTP/1.1" 200 307
127.0.0.1 - - [01/Jul/2018:16:53:01 +0800] "GET / HTTP/1.1" 200 11418
0:0:0:0:0:0:0:1 - - [01/Jul/2018:16:53:09 +0800] "GET /day29/login.html HTTP/1.1" 304 -
0:0:0:0:0:0:0:1 - - [01/Jul/2018:16:53:09 +0800] "GET /favicon.ico HTTP/1.1" 200 21630
0:0:0:0:0:0:0:1 - - [01/Jul/2018:16:53:10 +0800] "GET /day29/login.html HTTP/1.1" 304 -
0:0:0:0:0:0:0:1 - - [01/Jul/2018:16:53:10 +0800] "GET /favicon.ico HTTP/1.1" 200 21630
0:0:0:0:0:0:0:1 - - [01/Jul/2018:16:53:10 +0800] "GET /day29/login.html HTTP/1.1" 304 -
0:0:0:0:0:0:0:1 - - [01/Jul/2018:16:53:10 +0800] "GET /favicon.ico HTTP/1.1" 200 21630
0:0:0:0:0:0:0:1 - - [01/Jul/2018:16:53:10 +0800] "GET /day29/login.html HTTP/1.1" 304 -
0:0:0:0:0:0:0:1 - - [01/Jul/2018:16:53:10 +0800] "GET /favicon.ico HTTP/1.1" 200 21630
0:0:0:0:0:0:0:1 - - [01/Jul/2018:16:53:10 +0800] "GET /day29/login.html HTTP/1.1" 304 -
0:0:0:0:0:0:0:1 - - [01/Jul/2018:16:53:10 +0800] "GET /favicon.ico HTTP/1.1" 200 21630
0:0:0:0:0:0:0:1 - - [01/Jul/2018:16:53:14 +0800] "GET /day29/login.html HTTP/1.1" 304 -
0:0:0:0:0:0:0:1 - - [01/Jul/2018:16:53:14 +0800] "GET /favicon.ico HTTP/1.1" 200 21630
0:0:0:0:0:0:0:1 - - [01/Jul/2018:16:53:14 +0800] "GET /day29/login.html HTTP/1.1" 304 -
0:0:0:0:0:0:0:1 - - [01/Jul/2018:16:53:14 +0800] "GET /favicon.ico HTTP/1.1" 200 21630
0:0:0:0:0:0:0:1 - - [01/Jul/2018:16:53:14 +0800] "GET /day29/login.html HTTP/1.1" 304 -
0:0:0:0:0:0:0:1 - - [01/Jul/2018:16:53:14 +0800] "GET /favicon.ico HTTP/1.1" 200 21630
0:0:0:0:0:0:0:1 - - [01/Jul/2018:16:53:14 +0800] "GET /day29/login.html HTTP/1.1" 304 -
0:0:0:0:0:0:0:1 - - [01/Jul/2018:16:53:14 +0800] "GET /favicon.ico HTTP/1.1" 200 21630
0:0:0:0:0:0:0:1 - - [01/Jul/2018:16:54:07 +0800] "GET /day29/login.html HTTP/1.1" 200 313
0:0:0:0:0:0:0:1 - - [01/Jul/2018:16:54:07 +0800] "GET /favicon.ico HTTP/1.1" 200 21630
0:0:0:0:0:0:0:1 - - [01/Jul/2018:16:54:08 +0800] "GET /day29/login.html HTTP/1.1" 304 -
0:0:0:0:0:0:0:1 - - [01/Jul/2018:16:54:08 +0800] "GET /favicon.ico HTTP/1.1" 200 21630
0:0:0:0:0:0:0:1 - - [01/Jul/2018:16:54:08 +0800] "GET /day29/login.html HTTP/1.1" 304 -
0:0:0:0:0:0:0:1 - - [01/Jul/2018:16:54:08 +0800] "GET /favicon.ico HTTP/1.1" 200 21630
0:0:0:0:0:0:0:1 - - [01/Jul/2018:16:54:08 +0800] "GET /day29/login.html HTTP/1.1" 304 -
0:0:0:0:0:0:0:1 - - [01/Jul/2018:16:54:08 +0800] "GET /favicon.ico HTTP/1.1" 200 21630
127.0.0.1 - - [01/Jul/2018:16:54:15 +0800] "GET / HTTP/1.1" 200 11418
0:0:0:0:0:0:0:1 - - [01/Jul/2018:16:54:18 +0800] "POST /day29/loginServlet HTTP/1.1" 404 987
0:0:0:0:0:0:0:1 - - [01/Jul/2018:16:54:20 +0800] "GET /day29/login.html HTTP/1.1" 304 -
0:0:0:0:0:0:0:1 - - [01/Jul/2018:16:54:20 +0800] "GET /favicon.ico HTTP/1.1" 200 21630
0:0:0:0:0:0:0:1 - - [01/Jul/2018:16:54:20 +0800] "GET /day29/login.html HTTP/1.1" 304 -
0:0:0:0:0:0:0:1 - - [01/Jul/2018:16:54:20 +0800] "GET /favicon.ico HTTP/1.1" 200 21630
0:0:0:0:0:0:0:1 - - [01/Jul/2018:16:54:20 +0800] "GET /day29/login.html HTTP/1.1" 304 -
0:0:0:0:0:0:0:1 - - [01/Jul/2018:16:54:20 +0800] "GET /favicon.ico HTTP/1.1" 200 21630
0:0:0:0:0:0:0:1 - - [01/Jul/2018:16:54:20 +0800] "GET /day29/login.html HTTP/1.1" 304 -
0:0:0:0:0:0:0:1 - - [01/Jul/2018:16:54:21 +0800] "GET /favicon.ico HTTP/1.1" 200 21630
0:0:0:0:0:0:0:1 - - [01/Jul/2018:16:54:41 +0800] "GET /day29/login.html HTTP/1.1" 304 -
0:0:0:0:0:0:0:1 - - [01/Jul/2018:16:54:41 +0800] "GET /favicon.ico HTTP/1.1" 200 21630
0:0:0:0:0:0:0:1 - - [01/Jul/2018:16:55:49 +0800] "GET /day29/login.html HTTP/1.1" 304 -
0:0:0:0:0:0:0:1 - - [01/Jul/2018:16:55:49 +0800] "GET /favicon.ico HTTP/1.1" 200 21630
0:0:0:0:0:0:0:1 - - [01/Jul/2018:16:55:56 +0800] "GET /day29/login.html HTTP/1.1" 304 -
0:0:0:0:0:0:0:1 - - [01/Jul/2018:16:55:56 +0800] "GET /favicon.ico HTTP/1.1" 200 21630
0:0:0:0:0:0:0:1 - - [01/Jul/2018:16:55:57 +0800] "GET /day29/login.html HTTP/1.1" 304 -
0:0:0:0:0:0:0:1 - - [01/Jul/2018:16:55:57 +0800] "GET /favicon.ico HTTP/1.1" 200 21630
0:0:0:0:0:0:0:1 - - [01/Jul/2018:16:57:05 +0800] "POST /day29/loginServlet HTTP/1.1" 404 987
0:0:0:0:0:0:0:1 - - [01/Jul/2018:16:59:42 +0800] "POST /day29/loginServlet HTTP/1.1" 404 987
0:0:0:0:0:0:0:1 - - [01/Jul/2018:16:59:44 +0800] "GET /day29/loginServlet HTTP/1.1" 404 987
127.0.0.1 - - [01/Jul/2018:17:20:35 +0800] "GET / HTTP/1.1" 200 11418
0:0:0:0:0:0:0:1 - - [01/Jul/2018:17:20:48 +0800] "GET /day29/login.html HTTP/1.1" 304 -
0:0:0:0:0:0:0:1 - - [01/Jul/2018:17:20:52 +0800] "POST /day29/loginServlet HTTP/1.1" 500 3242
127.0.0.1 - - [01/Jul/2018:17:21:29 +0800] "GET / HTTP/1.1" 200 11418
0:0:0:0:0:0:0:1 - - [01/Jul/2018:17:21:43 +0800] "POST /day29/loginServlet HTTP/1.1" 200 -
127.0.0.1 - - [01/Jul/2018:17:26:27 +0800] "GET / HTTP/1.1" 200 11418
0:0:0:0:0:0:0:1 - - [01/Jul/2018:17:26:29 +0800] "POST /day29/loginServlet HTTP/1.1" 200 -
0:0:0:0:0:0:0:1 - - [01/Jul/2018:17:26:29 +0800] "GET /favicon.ico HTTP/1.1" 200 21630
127.0.0.1 - - [01/Jul/2018:17:31:35 +0800] "GET / HTTP/1.1" 200 11418
0:0:0:0:0:0:0:1 - - [01/Jul/2018:17:31:47 +0800] "POST /day29/loginServlet HTTP/1.1" 200 -
127.0.0.1 - - [01/Jul/2018:17:32:59 +0800] "GET / HTTP/1.1" 200 11418
0:0:0:0:0:0:0:1 - - [01/Jul/2018:17:33:05 +0800] "POST /day29/loginServlet HTTP/1.1" 200 -
0:0:0:0:0:0:0:1 - - [01/Jul/2018:17:48:47 +0800] "POST /day29/loginServlet HTTP/1.1" 500 1313
127.0.0.1 - - [01/Jul/2018:17:49:13 +0800] "GET / HTTP/1.1" 200 11418
0:0:0:0:0:0:0:1 - - [01/Jul/2018:17:49:15 +0800] "POST /day29/loginServlet HTTP/1.1" 500 1313
127.0.0.1 - - [01/Jul/2018:17:50:08 +0800] "GET / HTTP/1.1" 200 11418
0:0:0:0:0:0:0:1 - - [01/Jul/2018:17:50:13 +0800] "POST /day29/loginServlet HTTP/1.1" 200 -
0:0:0:0:0:0:0:1 - - [01/Jul/2018:17:51:06 +0800] "GET /day29/login.html HTTP/1.1" 200 753
0:0:0:0:0:0:0:1 - - [01/Jul/2018:17:51:19 +0800] "POST /day29/loginServlet HTTP/1.1" 200 -
127.0.0.1 - - [01/Jul/2018:17:51:44 +0800] "GET / HTTP/1.1" 200 11418
0:0:0:0:0:0:0:1 - - [01/Jul/2018:17:51:51 +0800] "GET /day29/login.html HTTP/1.1" 304 -
0:0:0:0:0:0:0:1 - - [01/Jul/2018:17:51:51 +0800] "GET /favicon.ico HTTP/1.1" 200 21630
0:0:0:0:0:0:0:1 - - [01/Jul/2018:17:51:56 +0800] "POST /day29/loginServlet HTTP/1.1" 200 -
127.0.0.1 - - [01/Jul/2018:18:00:08 +0800] "GET / HTTP/1.1" 200 11418
0:0:0:0:0:0:0:1 - - [01/Jul/2018:18:00:08 +0800] "GET /day29/WEB-INF/classes/com/atguigu/javaweb/LoginServlet.java HTTP/1.1" 404 949
0:0:0:0:0:0:0:1 - - [01/Jul/2018:18:00:22 +0800] "GET /day29/login.html HTTP/1.1" 200 753
0:0:0:0:0:0:0:1 - - [01/Jul/2018:18:00:28 +0800] "POST /day29/loginServlet HTTP/1.1" 200 -
127.0.0.1 - - [01/Jul/2018:18:09:49 +0800] "GET / HTTP/1.1" 200 11418
0:0:0:0:0:0:0:1 - - [01/Jul/2018:18:09:59 +0800] "POST /day29/loginServlet HTTP/1.1" 200 -
127.0.0.1 - - [01/Jul/2018:18:11:27 +0800] "GET / HTTP/1.1" 200 11418
0:0:0:0:0:0:0:1 - - [01/Jul/2018:18:11:31 +0800] "POST /day29/loginServlet HTTP/1.1" 200 -
127.0.0.1 - - [01/Jul/2018:18:12:00 +0800] "GET / HTTP/1.1" 200 11418
0:0:0:0:0:0:0:1 - - [01/Jul/2018:18:12:02 +0800] "POST /day29/loginServlet HTTP/1.1" 200 -
127.0.0.1 - - [01/Jul/2018:18:12:25 +0800] "GET / HTTP/1.1" 200 11418
0:0:0:0:0:0:0:1 - - [01/Jul/2018:18:12:26 +0800] "POST /day29/loginServlet HTTP/1.1" 200 -
127.0.0.1 - - [01/Jul/2018:18:22:33 +0800] "GET / HTTP/1.1" 200 11418
0:0:0:0:0:0:0:1 - - [01/Jul/2018:18:22:37 +0800] "POST /day29/loginServlet HTTP/1.1" 200 -
127.0.0.1 - - [01/Jul/2018:18:42:13 +0800] "GET / HTTP/1.1" 200 11418
0:0:0:0:0:0:0:1 - - [01/Jul/2018:18:42:17 +0800] "POST /day29/loginServlet HTTP/1.1" 200 -
127.0.0.1 - - [01/Jul/2018:19:52:46 +0800] "GET / HTTP/1.1" 200 11418
0:0:0:0:0:0:0:1 - - [01/Jul/2018:19:52:59 +0800] "POST /day29/loginServlet HTTP/1.1" 200 -
0:0:0:0:0:0:0:1 - - [01/Jul/2018:19:53:25 +0800] "POST /day29/loginServlet HTTP/1.1" 200 -
127.0.0.1 - - [01/Jul/2018:20:05:03 +0800] "GET / HTTP/1.1" 200 11418
0:0:0:0:0:0:0:1 - - [01/Jul/2018:20:05:10 +0800] "POST /day29/loginServlet HTTP/1.1" 200 14
0:0:0:0:0:0:0:1 - - [01/Jul/2018:20:05:21 +0800] "POST /day29/loginServlet HTTP/1.1" 200 23
127.0.0.1 - - [01/Jul/2018:20:10:10 +0800] "GET / HTTP/1.1" 200 11418
127.0.0.1 - - [01/Jul/2018:20:41:10 +0800] "GET / HTTP/1.1" 200 11418
0:0:0:0:0:0:0:1 - - [01/Jul/2018:20:42:16 +0800] "GET /day_30/login.html HTTP/1.1" 200 469
0:0:0:0:0:0:0:1 - - [01/Jul/2018:20:42:20 +0800] "POST /day_30/loginServlet HTTP/1.1" 200 -
0:0:0:0:0:0:0:1 - - [01/Jul/2018:20:44:13 +0800] "POST /day_30/loginServlet HTTP/1.1" 200 8
127.0.0.1 - - [01/Jul/2018:20:45:06 +0800] "GET / HTTP/1.1" 200 11418
0:0:0:0:0:0:0:1 - - [01/Jul/2018:20:45:09 +0800] "POST /day_30/loginServlet HTTP/1.1" 200 8
0:0:0:0:0:0:0:1 - - [01/Jul/2018:20:45:52 +0800] "POST /day_30/loginServlet HTTP/1.1" 200 -
0:0:0:0:0:0:0:1 - - [01/Jul/2018:20:46:43 +0800] "POST /day_30/loginServlet HTTP/1.1" 500 1386
0:0:0:0:0:0:0:1 - - [01/Jul/2018:20:46:47 +0800] "POST /day_30/loginServlet HTTP/1.1" 200 8
127.0.0.1 - - [01/Jul/2018:20:51:35 +0800] "GET / HTTP/1.1" 200 11418
0:0:0:0:0:0:0:1 - - [01/Jul/2018:20:51:50 +0800] "POST /day_30/loginServlet HTTP/1.1" 200 -
0:0:0:0:0:0:0:1 - - [01/Jul/2018:20:52:00 +0800] "POST /day_30/loginServlet HTTP/1.1" 500 1386
127.0.0.1 - - [01/Jul/2018:22:06:44 +0800] "GET / HTTP/1.1" 200 11418
127.0.0.1 - - [01/Jul/2018:22:07:29 +0800] "GET / HTTP/1.1" 200 11418
0:0:0:0:0:0:0:1 - - [01/Jul/2018:22:07:56 +0800] "GET /day29/login.html HTTP/1.1" 304 -
0:0:0:0:0:0:0:1 - - [01/Jul/2018:22:08:10 +0800] "GET /day29/compare.html HTTP/1.1" 200 337
0:0:0:0:0:0:0:1 - - [01/Jul/2018:22:08:26 +0800] "GET /day29/Compare2?user=lsc&password=123 HTTP/1.1" 200 -
127.0.0.1 - - [01/Jul/2018:22:09:31 +0800] "GET / HTTP/1.1" 200 11418
0:0:0:0:0:0:0:1 - - [01/Jul/2018:22:09:36 +0800] "GET /day29/Compare2?user=lsc&password=123 HTTP/1.1" 200 -
127.0.0.1 - - [01/Jul/2018:22:11:14 +0800] "GET / HTTP/1.1" 200 11418
0:0:0:0:0:0:0:1 - - [01/Jul/2018:22:11:20 +0800] "GET /day29/Compare2?user=lsc&password=123 HTTP/1.1" 200 -
127.0.0.1 - - [01/Jul/2018:22:11:58 +0800] "GET / HTTP/1.1" 200 11418
0:0:0:0:0:0:0:1 - - [01/Jul/2018:22:12:02 +0800] "GET /day29/Compare2?user=lsc&password=123 HTTP/1.1" 200 -
127.0.0.1 - - [01/Jul/2018:22:13:42 +0800] "GET / HTTP/1.1" 200 11418
0:0:0:0:0:0:0:1 - - [01/Jul/2018:22:13:47 +0800] "GET /day29/Compare2?user=lsc&password=123 HTTP/1.1" 200 -
127.0.0.1 - - [01/Jul/2018:22:14:34 +0800] "GET / HTTP/1.1" 200 11418
0:0:0:0:0:0:0:1 - - [01/Jul/2018:22:14:38 +0800] "GET /day29/Compare2?user=lsc&password=123 HTTP/1.1" 200 -
127.0.0.1 - - [01/Jul/2018:22:14:59 +0800] "GET / HTTP/1.1" 200 11418
0:0:0:0:0:0:0:1 - - [01/Jul/2018:22:15:04 +0800] "GET /day29/Compare2?user=lsc&password=123 HTTP/1.1" 200 -
127.0.0.1 - - [01/Jul/2018:22:18:03 +0800] "GET / HTTP/1.1" 200 11418
0:0:0:0:0:0:0:1 - - [01/Jul/2018:22:18:10 +0800] "GET /day29/Compare2?user=lsc&password=123 HTTP/1.1" 200 -
127.0.0.1 - - [01/Jul/2018:22:22:03 +0800] "GET / HTTP/1.1" 200 11418
0:0:0:0:0:0:0:1 - - [01/Jul/2018:22:22:10 +0800] "GET /day29/Compare2?user=lsc&password=124 HTTP/1.1" 200 14
0:0:0:0:0:0:0:1 - - [01/Jul/2018:22:22:13 +0800] "GET /day29/Compare2?user=lsc&password=12 HTTP/1.1" 200 14
0:0:0:0:0:0:0:1 - - [01/Jul/2018:22:22:17 +0800] "GET /day29/Compare2?user=lsc&password=1 HTTP/1.1" 200 14
0:0:0:0:0:0:0:1 - - [01/Jul/2018:22:23:11 +0800] "GET /day29/Compare2?user=lsc&password=122134332423 HTTP/1.1" 200 14
0:0:0:0:0:0:0:1 - - [01/Jul/2018:22:23:15 +0800] "GET /day29/Compare2?user=lscewq&password=w HTTP/1.1" 200 17
127.0.0.1 - - [01/Jul/2018:22:26:23 +0800] "GET / HTTP/1.1" 200 11418
0:0:0:0:0:0:0:1 - - [01/Jul/2018:22:26:30 +0800] "GET /day29/Compare2?user=lsc&password=1 HTTP/1.1" 200 -
127.0.0.1 - - [01/Jul/2018:22:27:33 +0800] "GET / HTTP/1.1" 200 11418
0:0:0:0:0:0:0:1 - - [01/Jul/2018:22:27:39 +0800] "GET /day29/Compare2?user=lsc&password=1 HTTP/1.1" 200 -
127.0.0.1 - - [01/Jul/2018:22:28:42 +0800] "GET / HTTP/1.1" 200 11418
0:0:0:0:0:0:0:1 - - [01/Jul/2018:22:28:47 +0800] "GET /day29/Compare2?user=lsc&password=1 HTTP/1.1" 200 14
